// Jest Snapshot v1, https://goo.gl/fbAQLP

exports[`CvDownload component should match snapshots 1`] = `
<div>
  <div
    class="cv-download-wrapper"
    style="--size: 10rem; --color: #fff; --underBanner: #af; --buttonHover: red; --labelColor: green;"
  >
    <svg
      class="cv-download-page"
      viewBox="0 0 116.89 146.32"
      xmlns="http://www.w3.org/2000/svg"
    >
      <defs>
        <style />
      </defs>
      <g
        data-name="Layer 2"
        id="Layer_2"
      >
        <g
          data-name="Layer 1"
          id="Layer_1-2"
        >
          <polygon
            class="page-paper"
            points="0 146.32 116.16 146.28 116.89 21.55 95.34 0.15 0.07 0 0 146.32"
          />
          <path
            class="page-corner"
            d="M95.05.65V21.37a.09.09,0,0,0,.09.09l21,.22a.08.08,0,0,0,.06-.15L95.21.58A.09.09,0,0,0,95.05.65Z"
          />
          <line
            class="page-line"
            x1="13.44"
            x2="102.62"
            y1="27.4"
            y2="27.78"
          />
          <line
            class="page-line"
            x1="13.34"
            x2="102.52"
            y1="35.08"
            y2="35.47"
          />
          <line
            class="page-line"
            x1="14.02"
            x2="103.2"
            y1="42.6"
            y2="42.98"
          />
          <line
            class="page-line"
            x1="14.01"
            x2="103.19"
            y1="49.89"
            y2="50.27"
          />
          <line
            class="page-line"
            x1="14.09"
            x2="103.27"
            y1="65.44"
            y2="65.82"
          />
          <line
            class="page-line"
            x1="14.2"
            x2="103.37"
            y1="72.78"
            y2="73.16"
          />
          <line
            class="page-line"
            x1="14.18"
            x2="103.35"
            y1="80.06"
            y2="80.45"
          />
          <line
            class="page-line"
            x1="13.85"
            x2="103.03"
            y1="87.87"
            y2="88.25"
          />
          <line
            class="page-line"
            x1="14.05"
            x2="103.23"
            y1="95.54"
            y2="95.92"
          />
          <line
            class="page-line"
            x1="14.2"
            x2="103.37"
            y1="102.99"
            y2="103.37"
          />
          <line
            class="page-line"
            x1="14.17"
            x2="103.34"
            y1="110.49"
            y2="110.87"
          />
          <line
            class="page-line"
            x1="14.08"
            x2="103.26"
            y1="118.03"
            y2="118.41"
          />
          <line
            class="page-line"
            x1="14.31"
            x2="103.49"
            y1="125.66"
            y2="126.04"
          />
          <line
            class="page-line"
            x1="14.05"
            x2="103.23"
            y1="58.03"
            y2="58.41"
          />
          <line
            class="page-line"
            x1="14.39"
            x2="103.57"
            y1="133.12"
            y2="133.5"
          />
        </g>
      </g>
    </svg>
    <svg
      class="cv-download-banner"
      viewBox="0 0 136.74 53.94"
      xmlns="http://www.w3.org/2000/svg"
    >
      <defs>
        <style />
      </defs>
      <g
        data-name="Layer 2"
        id="Layer_2"
      >
        <g
          data-name="Layer 1"
          id="Layer_1-2"
        >
          <path
            class="cv-download-banner-underbanner"
            d="M10.48,53V37.54L.63,38l-.1,9.12a4.6,4.6,0,0,0,.31,2.14,4.92,4.92,0,0,0,.7,1.22A8.11,8.11,0,0,0,5.18,53,8.12,8.12,0,0,0,10.48,53Z"
          />
          <path
            class="cv-download-banner-underbanner"
            d="M126.32,53.46V38.05l9.85.41.1,9.13a4.61,4.61,0,0,1-.31,2.14,4.83,4.83,0,0,1-.7,1.21,7.95,7.95,0,0,1-8.94,2.52Z"
          />
          <path
            class="cv-download-banner-path"
            d="M.58,47.81,0,8.85a11.22,11.22,0,0,1,3.33-5.8A11.36,11.36,0,0,1,10.14.15L126.89,0a9.49,9.49,0,0,1,9.85,8.11q-.21,19.94-.4,39.86a11.59,11.59,0,0,0-3.51-2.63,11.73,11.73,0,0,0-5.22-1.16L8.88,43.77A9.36,9.36,0,0,0,3.19,45.2,9,9,0,0,0,.58,47.81Z"
          />
          <polygon
            class="cv-download-banner-letters"
            points="86.56 6.52 91.72 6.52 81.39 37.9 77.65 37.9 67.08 6.69 72.24 6.69 79.4 30.24 86.56 6.52"
          />
          <path
            class="cv-download-banner-letters"
            d="M61.92,15.68h5.24A10.59,10.59,0,0,0,55.92,6.19a11.17,11.17,0,0,0-10.73,8.32c-.16,2.21-.26,4.57-.25,7.08,0,3.1.16,6,.41,8.65a9.68,9.68,0,0,0,3.5,6,9.46,9.46,0,0,0,5.41,2A11.16,11.16,0,0,0,67,29.41l-5-.08a5.45,5.45,0,0,1-6.24,4.24,6.31,6.31,0,0,1-3.08-1.25,6.65,6.65,0,0,1-2.42-4.49q-.07-6.16-.16-12.32a6.2,6.2,0,0,1,2-3.08A6.27,6.27,0,0,1,55.76,11a5.57,5.57,0,0,1,4.41,1.25A5.42,5.42,0,0,1,61.92,15.68Z"
          />
        </g>
      </g>
    </svg>
    <a
      class="cv-download-arrow-circle"
      href="test"
      target="_blank"
    >
      <div
        class="cv-download-arrow"
      />
    </a>
    <p
      class="cv-download-label"
    >
      DOWNLOAD
    </p>
  </div>
</div>
`;
