// Jest Snapshot v1, https://goo.gl/fbAQLP

exports[`RollingBallNav component should match snapshots 1`] = `
<div>
  <div
    class="rollingBallNavWrapper"
    style="--width: 5rem; --height: 3rem; --primaryColor: rgb(0, 0, 0); --secondaryColor: rgb(0, 0, 0); --labelColor: rgb(0, 0, 0); --hoverColor: rgb(0, 0, 0); --pressColor: rgb(0, 0, 0);"
  >
    <div
      class="rollingBallNav"
    >
      <ul>
        <li
          class="rollingBallNavList"
        >
          <a>
            <div
              class="rollingBallNavIcon"
            >
               
              <svg
                id="Icon-Home"
                viewBox="0 0 512 512"
                xmlns="http://www.w3.org/2000/svg"
              >
                <title>
                  Home
                </title>
                <path
                  class="icon-home"
                  d="M80 212v236a16 16 0 0016 16h96V328a24 24 0 0124-24h80a24 24 0 0124 24v136h96a16 16 0 0016-16V212"
                  stroke-linecap="round"
                  stroke-linejoin="round"
                />
                <path
                  class="icon-home"
                  d="M480 256L266.89 52c-5-5.28-16.69-5.34-21.78 0L32 256M400 179V64h-48v69"
                  stroke-linecap="round"
                  stroke-linejoin="round"
                />
              </svg>
            </div>
            <span
              class="rollingBallNavText"
            >
              Home
            </span>
          </a>
        </li>
        <li
          class="rollingBallNavList"
        >
          <a>
            <div
              class="rollingBallNavIcon"
            >
               
              <svg
                id="Icon-Gear"
                viewBox="0 0 512 512"
                xmlns="http://www.w3.org/2000/svg"
              >
                <title>
                  Settings
                </title>
                <path
                  class="icon-gear"
                  d="M262.29 192.31a64 64 0 1057.4 57.4 64.13 64.13 0 00-57.4-57.4zM416.39 256a154.34 154.34 0 01-1.53 20.79l45.21 35.46a10.81 10.81 0 012.45 13.75l-42.77 74a10.81 10.81 0 01-13.14 4.59l-44.9-18.08a16.11 16.11 0 00-15.17 1.75A164.48 164.48 0 01325 400.8a15.94 15.94 0 00-8.82 12.14l-6.73 47.89a11.08 11.08 0 01-10.68 9.17h-85.54a11.11 11.11 0 01-10.69-8.87l-6.72-47.82a16.07 16.07 0 00-9-12.22 155.3 155.3 0 01-21.46-12.57 16 16 0 00-15.11-1.71l-44.89 18.07a10.81 10.81 0 01-13.14-4.58l-42.77-74a10.8 10.8 0 012.45-13.75l38.21-30a16.05 16.05 0 006-14.08c-.36-4.17-.58-8.33-.58-12.5s.21-8.27.58-12.35a16 16 0 00-6.07-13.94l-38.19-30A10.81 10.81 0 0149.48 186l42.77-74a10.81 10.81 0 0113.14-4.59l44.9 18.08a16.11 16.11 0 0015.17-1.75A164.48 164.48 0 01187 111.2a15.94 15.94 0 008.82-12.14l6.73-47.89A11.08 11.08 0 01213.23 42h85.54a11.11 11.11 0 0110.69 8.87l6.72 47.82a16.07 16.07 0 009 12.22 155.3 155.3 0 0121.46 12.57 16 16 0 0015.11 1.71l44.89-18.07a10.81 10.81 0 0113.14 4.58l42.77 74a10.8 10.8 0 01-2.45 13.75l-38.21 30a16.05 16.05 0 00-6.05 14.08c.33 4.14.55 8.3.55 12.47z"
                  stroke-linecap="round"
                  stroke-linejoin="round"
                />
              </svg>
            </div>
            <span
              class="rollingBallNavText"
            >
              Settings
            </span>
          </a>
        </li>
        <li
          class="rollingBallNavList"
        >
          <a>
            <div
              class="rollingBallNavIcon"
            >
               
              <svg
                id="Icon-bar"
                viewBox="0 0 512 512"
                xmlns="http://www.w3.org/2000/svg"
              >
                <title>
                  Chart
                </title>
                <path
                  class="icon-bar"
                  d="M32 32v432a16 16 0 0016 16h432"
                  stroke-linecap="round"
                  stroke-linejoin="round"
                />
                <rect
                  class="icon-bar-bars"
                  height="192"
                  rx="20"
                  ry="20"
                  stroke="black"
                  stroke-linecap="round"
                  stroke-linejoin="round"
                  width="80"
                  x="96"
                  y="224"
                />
                <rect
                  class="icon-bar-bars"
                  height="240"
                  rx="20"
                  ry="20"
                  stroke="black"
                  stroke-linecap="round"
                  stroke-linejoin="round"
                  width="80"
                  x="240"
                  y="176"
                />
                <rect
                  class="icon-bar-bars"
                  height="304"
                  rx="20"
                  ry="20"
                  stroke="black"
                  stroke-linecap="round"
                  stroke-linejoin="round"
                  width="80"
                  x="383.64"
                  y="112"
                />
              </svg>
            </div>
            <span
              class="rollingBallNavText"
            >
              Data
            </span>
          </a>
        </li>
        <li
          class="rollingBallNavList"
        >
          <a>
            <div
              class="rollingBallNavIcon"
            >
               
              <svg
                id="Icon-profile"
                viewBox="0 0 512 512"
                xmlns="http://www.w3.org/2000/svg"
              >
                <title>
                  Person
                </title>
                <path
                  class="icon-profile"
                  d="M344 144c-3.92 52.87-44 96-88 96s-84.15-43.12-88-96c-4-55 35-96 88-96s92 42 88 96z"
                  stroke-linecap="round"
                  stroke-linejoin="round"
                />
                <path
                  class="icon-profile"
                  d="M256 304c-87 0-175.3 48-191.64 138.6C62.39 453.52 68.57 464 80 464h352c11.44 0 17.62-10.48 15.65-21.4C431.3 352 343 304 256 304z"
                  stroke-miterlimit="10"
                />
              </svg>
            </div>
            <span
              class="rollingBallNavText"
            >
              Profile
            </span>
          </a>
        </li>
        <li
          class="rollingBallNavList"
        >
          <a>
            <div
              class="rollingBallNavIcon"
            >
               
              <svg
                id="Icon-code"
                viewBox="0 0 512 512"
                xmlns="http://www.w3.org/2000/svg"
              >
                <title>
                  Code Working
                </title>
                <circle
                  cx="256"
                  cy="256"
                  r="26"
                />
                <circle
                  cx="346"
                  cy="256"
                  r="26"
                />
                <circle
                  cx="166"
                  cy="256"
                  r="26"
                />
                <path
                  class="icon-code"
                  d="M160 368L32 256l128-112M352 368l128-112-128-112"
                  stroke-linecap="round"
                  stroke-linejoin="round"
                />
              </svg>
            </div>
            <span
              class="rollingBallNavText"
            >
              Code
            </span>
          </a>
        </li>
        <div
          class="rollingBallNavIndicator"
        >
           
        </div>
      </ul>
    </div>
  </div>
</div>
`;
